[MQTT-Broker-Interop-Plugin:MQTT]: New maximum clients reached: 1
[http/1] [info] [mqtt]: Error: The topic $SYS/# does not exist, no resource has been defined to handle this topic
    at fR.addSubscription (/home/irjudson/.nvm/versions/node/v24.11.0/lib/node_modules/harperdb/server/threads/threadServer.js:129:54570)
    at Parser.<anonymous> (/home/irjudson/.nvm/versions/node/v24.11.0/lib/node_modules/harperdb/server/threads/threadServer.js:129:64446)
    at Parser.emit (node:events:508:28)
    at Parser._newPacket (/home/irjudson/.nvm/versions/node/v24.11.0/lib/node_modules/harperdb/node_modules/mqtt-packet/parser.js:792:12)
    at Parser.parse (/home/irjudson/.nvm/versions/node/v24.11.0/lib/node_modules/harperdb/node_modules/mqtt-packet/parser.js:43:45)
    at Socket.onMessage (/home/irjudson/.nvm/versions/node/v24.11.0/lib/node_modules/harperdb/server/threads/threadServer.js:129:61834)
    at Socket.emit (node:events:508:28)
    at addChunk (node:internal/streams/readable:559:12)
    at readableAddChunkPushByteMode (node:internal/streams/readable:510:3)
    at Readable.push (node:internal/streams/readable:390:5) {
  statusCode: 404
}
[http/1] [error] [mqtt]: TypeError: g.subscribe is not a function
    at /home/irjudson/.nvm/versions/node/v24.11.0/lib/node_modules/harperdb/server/threads/threadServer.js:129:55766
    at transaction (/home/irjudson/.nvm/versions/node/v24.11.0/lib/node_modules/harperdb/server/threads/threadServer.js:1:57778)
    at fR.addSubscription (/home/irjudson/.nvm/versions/node/v24.11.0/lib/node_modules/harperdb/server/threads/threadServer.js:129:55651)
    at Parser.<anonymous> (/home/irjudson/.nvm/versions/node/v24.11.0/lib/node_modules/harperdb/server/threads/threadServer.js:129:64446)
    at Parser.emit (node:events:508:28)
    at Parser._newPacket (/home/irjudson/.nvm/versions/node/v24.11.0/lib/node_modules/harperdb/node_modules/mqtt-packet/parser.js:792:12)
    at Parser.parse (/home/irjudson/.nvm/versions/node/v24.11.0/lib/node_modules/harperdb/node_modules/mqtt-packet/parser.js:43:45)
    at Socket.onMessage (/home/irjudson/.nvm/versions/node/v24.11.0/lib/node_modules/harperdb/server/threads/threadServer.js:129:61834)
    at Socket.emit (node:events:508:28)
    at addChunk (node:internal/streams/readable:559:12)
[main/0] [trace] [storage]: Defining hdb_raw_analytics in system
